Wed May  4 15:41:34 EDT 2022
$PROBLEM PK model 1 cmt base

$INPUT ID TIME MDV EVID DV AMT  SEX WT ETN NUM
$DATA ../../../../extdata/acop.csv IGNORE=@
IGNORE(ID.EQ.2)
$SUBROUTINES ADVAN2 TRANS2

$PK
ET=1
IF(ETN.EQ.3) ET=1.3
KA = THETA(1)
CL = THETA(2)*((WT/70)**0.75)* EXP(ETA(1))
V = THETA(3)*EXP(ETA(2))
SC=V


$THETA
(0, 2)  ; KA
(0, 3)  ; CL
(0, 10) ; V2
(0.02)  ; RUVp
(1)     ; RUVa

$OMEGA
0.05    ; iiv CL
0.2     ; iiv V2

$SIGMA
1 FIX

$ERROR
IPRED = F
IRES = DV-IPRED
W = IPRED*THETA(4) + THETA(5)
IF (W.EQ.0) W = 1
IWRES = IRES/W
Y= IPRED+W*ERR(1)
FAKE=1 ; for testing

$EST METHOD=1 INTERACTION MAXEVAL=9999 SIG=3 PRINT=5 NOABORT POSTHOC
$COV
$TABLE NUM IPRED NPDE CWRES NOPRINT ONEHEADER FILE=1.tab
$TABLE NUM CL V KA ETAS(1:LAST) NOAPPEND NOPRINT ONEHEADER FILE=1par.tab
$TABLE ID CL NOAPPEND NOPRINT ONEHEADER FIRSTONLY FILE=1first1.tab ; for testing firstonly
$TABLE NUM CL NOAPPEND NOPRINT ONEHEADER FIRSTONLY FILE=1first2.tab ; for testing firstonly
$TABLE NUM ID CL NOAPPEND NOPRINT ONEHEADER FIRSTONLY FILE=1first3.tab ; for testing firstonly
$TABLE NUM CL KA FAKE NOAPPEND NOPRINT ONEHEADER FILE=1dups.tab ; for testing dropping duplicate columns

NM-TRAN MESSAGES
  
 WARNINGS AND ERRORS (IF ANY) FOR PROBLEM    1
             
 (WARNING  2) NM-TRAN INFERS THAT THE DATA ARE POPULATION.

License Registered to: Metrum Research Group (with RADAR5NM)
Expiration Date:    14 JUL 2022
Current Date:        4 MAY 2022
Days until program expires :  70
1NONLINEAR MIXED EFFECTS MODEL PROGRAM (NONMEM) VERSION 7.4.4
 ORIGINALLY DEVELOPED BY STUART BEAL, LEWIS SHEINER, AND ALISON BOECKMANN
 CURRENT DEVELOPERS ARE ROBERT BAUER, ICON DEVELOPMENT SOLUTIONS,
 AND ALISON BOECKMANN. IMPLEMENTATION, EFFICIENCY, AND STANDARDIZATION
 PERFORMED BY NOUS INFOSYSTEMS.

 PROBLEM NO.:         1
 PK model 1 cmt base
0DATA CHECKOUT RUN:              NO
 DATA SET LOCATED ON UNIT NO.:    2
 THIS UNIT TO BE REWOUND:        NO
 NO. OF DATA RECS IN DATA SET:      779
 NO. OF DATA ITEMS IN DATA SET:  10
 ID DATA ITEM IS DATA ITEM NO.:   1
 DEP VARIABLE IS DATA ITEM NO.:   5
 MDV DATA ITEM IS DATA ITEM NO.:  3
0INDICES PASSED TO SUBROUTINE PRED:
   4   2   6   0   0   0   0   0   0   0   0
0LABELS FOR DATA ITEMS:
 ID TIME MDV EVID DV AMT SEX WT ETN NUM
0(NONBLANK) LABELS FOR PRED-DEFINED ITEMS:
 KA CL V IPRED FAKE
0FORMAT FOR DATA:
 (E3.0,E5.0,2E2.0,E21.0,E6.0,E2.0,E5.0,E2.0,E4.0)

 TOT. NO. OF OBS RECS:      741
 TOT. NO. OF INDIVIDUALS:       39
0LENGTH OF THETA:   5
0DEFAULT THETA BOUNDARY TEST OMITTED:    NO
0OMEGA HAS SIMPLE DIAGONAL FORM WITH DIMENSION:   2
0DEFAULT OMEGA BOUNDARY TEST OMITTED:    NO
0SIGMA HAS SIMPLE DIAGONAL FORM WITH DIMENSION:   1
0DEFAULT SIGMA BOUNDARY TEST OMITTED:    NO
0INITIAL ESTIMATE OF THETA:
 LOWER BOUND    INITIAL EST    UPPER BOUND
  0.0000E+00     0.2000E+01     0.1000E+07
  0.0000E+00     0.3000E+01     0.1000E+07
  0.0000E+00     0.1000E+02     0.1000E+07
 -0.1000E+07     0.2000E-01     0.1000E+07
 -0.1000E+07     0.1000E+01     0.1000E+07
0INITIAL ESTIMATE OF OMEGA:
 0.5000E-01
 0.0000E+00   0.2000E+00
0INITIAL ESTIMATE OF SIGMA:
 0.1000E+01
0SIGMA CONSTRAINED TO BE THIS INITIAL ESTIMATE
0COVARIANCE STEP OMITTED:        NO
 EIGENVLS. PRINTED:              NO
 SPECIAL COMPUTATION:            NO
 COMPRESSED FORMAT:              NO
 GRADIENT METHOD USED:     NOSLOW
 SIGDIGITS ETAHAT (SIGLO):                  -1
 SIGDIGITS GRADIENTS (SIGL):                -1
 EXCLUDE COV FOR FOCE (NOFCOV):              NO
 TURN OFF Cholesky Transposition of R Matrix (CHOLROFF): NO
 KNUTHSUMOFF:                                -1
 RESUME COV ANALYSIS (RESUME):               NO
 SIR SAMPLE SIZE (SIRSAMPLE):              -1
 NON-LINEARLY TRANSFORM THETAS DURING COV (THBND): 1
 PRECONDTIONING CYCLES (PRECOND):        0
 PRECONDTIONING TYPES (PRECONDS):        TOS
 FORCED PRECONDTIONING CYCLES (PFCOND):0
 PRECONDTIONING TYPE (PRETYPE):        0
 FORCED POS. DEFINITE SETTING: (FPOSDEF):0
0TABLES STEP OMITTED:    NO
 NO. OF TABLES:           6
 SEED NUMBER (SEED):    11456
 RANMETHOD:             3U
 MC SAMPLES (ESAMPLE):    300
 WRES SQUARE ROOT TYPE (WRESCHOL): EIGENVALUE
0-- TABLE   1 --
0RECORDS ONLY:    ALL
04 COLUMNS APPENDED:    YES
 PRINTED:                NO
 HEADER:                YES
 FILE TO BE FORWARDED:   NO
 FORMAT:                S1PE11.4
 LFORMAT:
 RFORMAT:
 FIXED_EFFECT_ETAS:
0USER-CHOSEN ITEMS:
 NUM IPRED NPDE CWRES
0-- TABLE   2 --
0RECORDS ONLY:    ALL
04 COLUMNS APPENDED:    NO
 PRINTED:                NO
 HEADER:                YES
 FILE TO BE FORWARDED:   NO
 FORMAT:                S1PE11.4
 LFORMAT:
 RFORMAT:
 FIXED_EFFECT_ETAS:
0USER-CHOSEN ITEMS:
 NUM CL V KA ETA1 ETA2
0-- TABLE   3 --
0RECORDS ONLY:    FIRSTONLY
04 COLUMNS APPENDED:    NO
 PRINTED:                NO
 HEADER:                YES
 FILE TO BE FORWARDED:   NO
 FORMAT:                S1PE11.4
 LFORMAT:
 RFORMAT:
 FIXED_EFFECT_ETAS:
0USER-CHOSEN ITEMS:
 ID CL
0-- TABLE   4 --
0RECORDS ONLY:    FIRSTONLY
04 COLUMNS APPENDED:    NO
 PRINTED:                NO
 HEADER:                YES
 FILE TO BE FORWARDED:   NO
 FORMAT:                S1PE11.4
 LFORMAT:
 RFORMAT:
 FIXED_EFFECT_ETAS:
0USER-CHOSEN ITEMS:
 NUM CL
0-- TABLE   5 --
0RECORDS ONLY:    FIRSTONLY
04 COLUMNS APPENDED:    NO
 PRINTED:                NO
 HEADER:                YES
 FILE TO BE FORWARDED:   NO
 FORMAT:                S1PE11.4
 LFORMAT:
 RFORMAT:
 FIXED_EFFECT_ETAS:
0USER-CHOSEN ITEMS:
 NUM ID CL
0-- TABLE   6 --
0RECORDS ONLY:    ALL
04 COLUMNS APPENDED:    NO
 PRINTED:                NO
 HEADER:                YES
 FILE TO BE FORWARDED:   NO
 FORMAT:                S1PE11.4
 LFORMAT:
 RFORMAT:
 FIXED_EFFECT_ETAS:
0USER-CHOSEN ITEMS:
 NUM CL KA FAKE
1DOUBLE PRECISION PREDPP VERSION 7.4.4

 ONE COMPARTMENT MODEL WITH FIRST-ORDER ABSORPTION (ADVAN2)
0MAXIMUM NO. OF BASIC PK PARAMETERS:   3
0BASIC PK PARAMETERS (AFTER TRANSLATION):
   ELIMINATION RATE (K) IS BASIC PK PARAMETER NO.:  1
   ABSORPTION RATE (KA) IS BASIC PK PARAMETER NO.:  3

 TRANSLATOR WILL CONVERT PARAMETERS
 CLEARANCE (CL) AND VOLUME (V) TO K (TRANS2)
0COMPARTMENT ATTRIBUTES
 COMPT. NO.   FUNCTION   INITIAL    ON/OFF      DOSE      DEFAULT    DEFAULT
                         STATUS     ALLOWED    ALLOWED    FOR DOSE   FOR OBS.
    1         DEPOT        OFF        YES        YES        YES        NO
    2         CENTRAL      ON         NO         YES        NO         YES
    3         OUTPUT       OFF        YES        NO         NO         NO
1
 ADDITIONAL PK PARAMETERS - ASSIGNMENT OF ROWS IN GG
 COMPT. NO.                             INDICES
              SCALE      BIOAVAIL.   ZERO-ORDER  ZERO-ORDER  ABSORB
                         FRACTION    RATE        DURATION    LAG
    1            *           *           *           *           *
    2            4           *           *           *           *
    3            *           -           -           -           -
             - PARAMETER IS NOT ALLOWED FOR THIS MODEL
             * PARAMETER IS NOT SUPPLIED BY PK SUBROUTINE;
               WILL DEFAULT TO ONE IF APPLICABLE
0DATA ITEM INDICES USED BY PRED ARE:
   EVENT ID DATA ITEM IS DATA ITEM NO.:      4
   TIME DATA ITEM IS DATA ITEM NO.:          2
   DOSE AMOUNT DATA ITEM IS DATA ITEM NO.:   6

0PK SUBROUTINE CALLED WITH EVERY EVENT RECORD.
 PK SUBROUTINE NOT CALLED AT NONEVENT (ADDITIONAL OR LAGGED) DOSE TIMES.
0ERROR SUBROUTINE CALLED WITH EVERY EVENT RECORD.
1


 #TBLN:      1
 #METH: First Order Conditional Estimation with Interaction

 ESTIMATION STEP OMITTED:                 NO
 ANALYSIS TYPE:                           POPULATION
 NUMBER OF SADDLE POINT RESET ITERATIONS:      0
 GRADIENT METHOD USED:               NOSLOW
 CONDITIONAL ESTIMATES USED:              YES
 CENTERED ETA:                            NO
 EPS-ETA INTERACTION:                     YES
 LAPLACIAN OBJ. FUNC.:                    NO
 NO. OF FUNCT. EVALS. ALLOWED:            9999
 NO. OF SIG. FIGURES REQUIRED:            3
 INTERMEDIATE PRINTOUT:                   YES
 ESTIMATE OUTPUT TO MSF:                  NO
 ABORT WITH PRED EXIT CODE 1:             NO
 IND. OBJ. FUNC. VALUES SORTED:           NO
 NUMERICAL DERIVATIVE
       FILE REQUEST (NUMDER):               NONE
 MAP (ETAHAT) ESTIMATION METHOD (OPTMAP):   0
 ETA HESSIAN EVALUATION METHOD (ETADER):    0
 INITIAL ETA FOR MAP ESTIMATION (MCETA):    0
 SIGDIGITS FOR MAP ESTIMATION (SIGLO):      100
 GRADIENT SIGDIGITS OF
       FIXED EFFECTS PARAMETERS (SIGL):     100
 NOPRIOR SETTING (NOPRIOR):                 OFF
 NOCOV SETTING (NOCOV):                     OFF
 DERCONT SETTING (DERCONT):                 OFF
 FINAL ETA RE-EVALUATION (FNLETA):          ON
 EXCLUDE NON-INFLUENTIAL (NON-INFL.) ETAS
       IN SHRINKAGE (ETASTYPE):             NO
 NON-INFL. ETA CORRECTION (NONINFETA):      OFF
 RAW OUTPUT FILE (FILE): 1.ext
 EXCLUDE TITLE (NOTITLE):                   NO
 EXCLUDE COLUMN LABELS (NOLABEL):           NO
 FORMAT FOR ADDITIONAL FILES (FORMAT):      S1PE12.5
 PARAMETER ORDER FOR OUTPUTS (ORDER):       TSOL
 WISHART PRIOR DF INTERPRETATION (WISHTYPE):0
 KNUTHSUMOFF:                               0
 INCLUDE LNTWOPI:                           NO
 INCLUDE CONSTANT TERM TO PRIOR (PRIORC):   NO
 INCLUDE CONSTANT TERM TO OMEGA (ETA) (OLNTWOPI):NO
 ADDITIONAL CONVERGENCE TEST (CTYPE=4)?:    NO
 EM OR BAYESIAN METHOD USED:                 NONE


 THE FOLLOWING LABELS ARE EQUIVALENT
 PRED=PREDI
 RES=RESI
 WRES=WRESI
 IWRS=IWRESI
 IPRD=IPREDI
 IRS=IRESI

 MONITORING OF SEARCH:


0ITERATION NO.:    0    OBJECTIVE VALUE:   14995.7806174588        NO. OF FUNC. EVALS.:   7
 CUMULATIVE NO. OF FUNC. EVALS.:        7
 NPARAMETR:  2.0000E+00  3.0000E+00  1.0000E+01  2.0000E-02  1.0000E+00  5.0000E-02  2.0000E-01
 PARAMETER:  1.0000E-01  1.0000E-01  1.0000E-01  1.0000E-01  1.0000E-01  1.0000E-01  1.0000E-01
 GRADIENT:  -1.6954E+03 -3.0163E+03 -1.4726E+03 -9.6404E+03 -1.2640E+05 -7.8393E+03 -5.7657E+03

0ITERATION NO.:    5    OBJECTIVE VALUE:   4186.09870907074        NO. OF FUNC. EVALS.:  43
 CUMULATIVE NO. OF FUNC. EVALS.:       50
 NPARAMETR:  6.4344E+00  5.7676E+00  1.4431E+01  2.4021E-02  4.9559E+00  6.2429E-02  9.6466E-01
 PARAMETER:  1.2685E+00  7.5365E-01  4.6682E-01  1.2010E-01  4.9559E-01  2.1100E-01  8.8673E-01
 GRADIENT:   5.0427E+01 -2.4543E+02 -2.9630E+02 -1.3814E+02 -7.4873E+02 -1.2313E+02 -1.0664E+03

0ITERATION NO.:   10    OBJECTIVE VALUE:   3349.93513253719        NO. OF FUNC. EVALS.:  41
 CUMULATIVE NO. OF FUNC. EVALS.:       91
 NPARAMETR:  5.3710E+00  6.1438E+01  2.5529E+02  1.2023E-01  2.5822E+00  4.5672E-02  2.2058E-01
 PARAMETER:  1.0879E+00  3.1194E+00  3.3398E+00  6.0114E-01  2.5822E-01  5.4731E-02  1.4896E-01
 GRADIENT:   2.0626E+02  1.1588E+02 -2.1981E+02  3.9683E+02 -3.2042E+03 -2.2980E+01 -1.3622E+02

0ITERATION NO.:   15    OBJECTIVE VALUE:   2610.86670752869        NO. OF FUNC. EVALS.:  41
 CUMULATIVE NO. OF FUNC. EVALS.:      132
 NPARAMETR:  2.0708E+00  6.0255E+01  4.3240E+02 -6.4755E-02  3.8055E+00  3.0755E-01  1.8084E-01
 PARAMETER:  1.3481E-01  3.1000E+00  3.8668E+00 -3.2377E-01  3.8055E-01  1.0083E+00  4.9647E-02
 GRADIENT:  -1.1998E+02  2.4994E+01  6.2017E+01  5.4047E+01 -2.7331E+02  3.9661E+01  5.7838E+00

0ITERATION NO.:   20    OBJECTIVE VALUE:   2603.19925959281        NO. OF FUNC. EVALS.:  43
 CUMULATIVE NO. OF FUNC. EVALS.:      175
 NPARAMETR:  2.2919E+00  5.6104E+01  3.4031E+02 -7.7495E-02  4.0772E+00  1.4489E-01  2.1941E-01
 PARAMETER:  2.3622E-01  3.0286E+00  3.6273E+00 -3.8747E-01  4.0772E-01  6.3196E-01  1.4632E-01
 GRADIENT:   1.8823E+01  1.7365E+01 -2.2576E+01  1.8470E+01 -5.1177E+01  1.5671E+01 -1.0020E+01

0ITERATION NO.:   25    OBJECTIVE VALUE:   2585.99351850135        NO. OF FUNC. EVALS.:  64
 CUMULATIVE NO. OF FUNC. EVALS.:      239
 NPARAMETR:  2.3682E+00  5.5601E+01  4.4013E+02 -8.0105E-02  4.1951E+00  8.3417E-02  1.9837E-01
 PARAMETER:  2.6897E-01  3.0196E+00  3.8845E+00 -4.0053E-01  4.1951E-01  3.5591E-01  9.5917E-02
 GRADIENT:   3.4204E+01  1.2673E+01 -2.0996E+01  6.8592E+01  1.4852E+02 -6.2200E+00  1.4962E+01

0ITERATION NO.:   30    OBJECTIVE VALUE:   2583.40361066657        NO. OF FUNC. EVALS.:  87
 CUMULATIVE NO. OF FUNC. EVALS.:      326
 NPARAMETR:  2.3214E+00  5.4355E+01  4.6403E+02 -8.3491E-02  4.2180E+00  1.0291E-01  1.5891E-01
 PARAMETER:  2.4903E-01  2.9969E+00  3.9374E+00 -4.1746E-01  4.2180E-01  4.6092E-01 -1.4986E-02
 GRADIENT:   1.3314E+00 -1.5382E+00  5.0443E-01  2.9099E+00  3.7772E+01  1.8297E+00  9.6884E-01

0ITERATION NO.:   35    OBJECTIVE VALUE:   2583.31090094174        NO. OF FUNC. EVALS.:  93
 CUMULATIVE NO. OF FUNC. EVALS.:      419             RESET HESSIAN, TYPE I
 NPARAMETR:  2.3172E+00  5.4615E+01  4.6251E+02 -8.2008E-02  4.1796E+00  9.8533E-02  1.5682E-01
 PARAMETER:  2.4720E-01  3.0017E+00  3.9341E+00 -4.1004E-01  4.1796E-01  4.3918E-01 -2.1594E-02
 GRADIENT:   5.1150E-01  8.8939E+00  8.8646E+01  1.4498E+00  7.9397E+00 -1.9218E-03  8.2693E-03

0ITERATION NO.:   37    OBJECTIVE VALUE:   2583.31090094174        NO. OF FUNC. EVALS.:  28
 CUMULATIVE NO. OF FUNC. EVALS.:      447
 NPARAMETR:  2.3172E+00  5.4615E+01  4.6251E+02 -8.2008E-02  4.1796E+00  9.8533E-02  1.5682E-01
 PARAMETER:  2.4720E-01  3.0017E+00  3.9341E+00 -4.1004E-01  4.1796E-01  4.3918E-01 -2.1594E-02
 GRADIENT:   1.3601E-01 -4.8858E-02 -8.0990E-01 -3.9812E-02 -1.1456E-01 -1.9218E-03  8.2693E-03

 #TERM:
0MINIMIZATION SUCCESSFUL
 NO. OF FUNCTION EVALUATIONS USED:      447
 NO. OF SIG. DIGITS IN FINAL EST.:  3.2

 ETABAR IS THE ARITHMETIC MEAN OF THE ETA-ESTIMATES,
 AND THE P-VALUE IS GIVEN FOR THE NULL HYPOTHESIS THAT THE TRUE MEAN IS 0.

 ETABAR:         1.9736E-03 -6.2091E-03
 SE:             4.0948E-02  6.1297E-02
 N:                      39          39

 P VAL.:         9.6156E-01  9.1932E-01

 ETASHRINKSD(%)  1.7470E+01  2.0728E+00
 ETASHRINKVR(%)  3.1887E+01  4.1026E+00
 EBVSHRINKSD(%)  1.8503E+01  2.5645E+00
 EBVSHRINKVR(%)  3.3583E+01  5.0631E+00
 EPSSHRINKSD(%)  4.0846E+00
 EPSSHRINKVR(%)  8.0023E+00

  
 TOTAL DATA POINTS NORMALLY DISTRIBUTED (N):          741
 N*LOG(2PI) CONSTANT TO OBJECTIVE FUNCTION:    1361.8669062093250     
 OBJECTIVE FUNCTION VALUE WITHOUT CONSTANT:    2583.3109009417403     
 OBJECTIVE FUNCTION VALUE WITH CONSTANT:       3945.1778071510653     
 REPORTED OBJECTIVE FUNCTION DOES NOT CONTAIN CONSTANT
  
 TOTAL EFFECTIVE ETAS (NIND*NETA):                            78
  
 #TERE:
 Elapsed estimation  time in seconds:     2.51
 Elapsed covariance  time in seconds:     0.65
 Elapsed postprocess time in seconds:     0.21
1
 
 
 
 
 
 
 
 
 
 
 
 
 
 
 
 
 
 
 
 
 ************************************************************************************************************************
 ********************                                                                                ********************
 ********************               FIRST ORDER CONDITIONAL ESTIMATION WITH INTERACTION              ********************
 #OBJT:**************                       MINIMUM VALUE OF OBJECTIVE FUNCTION                      ********************
 ********************                                                                                ********************
 ************************************************************************************************************************
 





 #OBJV:********************************************     2583.311       **************************************************
1
 ************************************************************************************************************************
 ********************                                                                                ********************
 ********************               FIRST ORDER CONDITIONAL ESTIMATION WITH INTERACTION              ********************
 ********************                             FINAL PARAMETER ESTIMATE                           ********************
 ********************                                                                                ********************
 ************************************************************************************************************************
 


 THETA - VECTOR OF FIXED EFFECTS PARAMETERS   *********


         TH 1      TH 2      TH 3      TH 4      TH 5     
 
         2.32E+00  5.46E+01  4.63E+02 -8.20E-02  4.18E+00
 


 OMEGA - COV MATRIX FOR RANDOM EFFECTS - ETAS  ********


         ETA1      ETA2     
 
 ETA1
+        9.85E-02
 
 ETA2
+        0.00E+00  1.57E-01
 


 SIGMA - COV MATRIX FOR RANDOM EFFECTS - EPSILONS  ****


         EPS1     
 
 EPS1
+        1.00E+00
 
1


 OMEGA - CORR MATRIX FOR RANDOM EFFECTS - ETAS  *******


         ETA1      ETA2     
 
 ETA1
+        3.14E-01
 
 ETA2
+        0.00E+00  3.96E-01
 


 SIGMA - CORR MATRIX FOR RANDOM EFFECTS - EPSILONS  ***


         EPS1     
 
 EPS1
+        1.00E+00
 
1
 ************************************************************************************************************************
 ********************                                                                                ********************
 ********************               FIRST ORDER CONDITIONAL ESTIMATION WITH INTERACTION              ********************
 ********************                            STANDARD ERROR OF ESTIMATE                          ********************
 ********************                                                                                ********************
 ************************************************************************************************************************
 


 THETA - VECTOR OF FIXED EFFECTS PARAMETERS   *********


         TH 1      TH 2      TH 3      TH 4      TH 5     
 
         8.72E-02  3.38E+00  3.03E+01  5.61E-02  1.38E+00
 


 OMEGA - COV MATRIX FOR RANDOM EFFECTS - ETAS  ********


         ETA1      ETA2     
 
 ETA1
+        2.03E-02
 
 ETA2
+       .........  2.72E-02
 


 SIGMA - COV MATRIX FOR RANDOM EFFECTS - EPSILONS  ****


         EPS1     
 
 EPS1
+       .........
 
1


 OMEGA - CORR MATRIX FOR RANDOM EFFECTS - ETAS  *******


         ETA1      ETA2     
 
 ETA1
+        3.24E-02
 
 ETA2
+       .........  3.44E-02
 


 SIGMA - CORR MATRIX FOR RANDOM EFFECTS - EPSILONS  ***


         EPS1     
 
 EPS1
+       .........
 
1
 ************************************************************************************************************************
 ********************                                                                                ********************
 ********************               FIRST ORDER CONDITIONAL ESTIMATION WITH INTERACTION              ********************
 ********************                          COVARIANCE MATRIX OF ESTIMATE                         ********************
 ********************                                                                                ********************
 ************************************************************************************************************************
 

            TH 1      TH 2      TH 3      TH 4      TH 5      OM11      OM12      OM22      SG11  
 
 TH 1
+        7.61E-03
 
 TH 2
+        1.60E-02  1.14E+01
 
 TH 3
+       -2.93E-01 -2.39E+01  9.16E+02
 
 TH 4
+       -2.85E-03  3.94E-02  1.07E-01  3.15E-03
 
 TH 5
+        6.73E-02 -1.07E+00 -4.56E+00 -7.68E-02  1.90E+00
 
 OM11
+        9.93E-05 -1.21E-02 -1.23E-01  1.13E-04 -2.58E-03  4.14E-04
 
 OM12
+       ......... ......... ......... ......... ......... ......... .........
 
 OM22
+        1.11E-04  3.54E-02 -7.87E-03  3.72E-04 -8.95E-03  1.11E-04 .........  7.42E-04
 
 SG11
+       ......... ......... ......... ......... ......... ......... ......... ......... .........
 
1
 ************************************************************************************************************************
 ********************                                                                                ********************
 ********************               FIRST ORDER CONDITIONAL ESTIMATION WITH INTERACTION              ********************
 ********************                          CORRELATION MATRIX OF ESTIMATE                        ********************
 ********************                                                                                ********************
 ************************************************************************************************************************
 

            TH 1      TH 2      TH 3      TH 4      TH 5      OM11      OM12      OM22      SG11  
 
 TH 1
+        8.72E-02
 
 TH 2
+        5.43E-02  3.38E+00
 
 TH 3
+       -1.11E-01 -2.34E-01  3.03E+01
 
 TH 4
+       -5.82E-01  2.08E-01  6.31E-02  5.61E-02
 
 TH 5
+        5.60E-01 -2.31E-01 -1.09E-01 -9.93E-01  1.38E+00
 
 OM11
+        5.59E-02 -1.76E-01 -1.99E-01  9.90E-02 -9.20E-02  2.03E-02
 
 OM12
+       ......... ......... ......... ......... ......... ......... .........
 
 OM22
+        4.67E-02  3.85E-01 -9.54E-03  2.43E-01 -2.39E-01  2.00E-01 .........  2.72E-02
 
 SG11
+       ......... ......... ......... ......... ......... ......... ......... ......... .........
 
1
 ************************************************************************************************************************
 ********************                                                                                ********************
 ********************               FIRST ORDER CONDITIONAL ESTIMATION WITH INTERACTION              ********************
 ********************                      INVERSE COVARIANCE MATRIX OF ESTIMATE                     ********************
 ********************                                                                                ********************
 ************************************************************************************************************************
 

            TH 1      TH 2      TH 3      TH 4      TH 5      OM11      OM12      OM22      SG11  
 
 TH 1
+        2.31E+02
 
 TH 2
+       -4.34E-01  1.60E-01
 
 TH 3
+        7.64E-02  8.21E-03  1.83E-03
 
 TH 4
+        8.39E+02  2.92E+01  4.36E+00  3.75E+04
 
 TH 5
+        2.50E+01  1.28E+00  1.82E-01  1.51E+03  6.15E+01
 
 OM11
+       -8.67E+01  9.41E+00  8.42E-01  1.73E+03  8.08E+01  3.21E+03
 
 OM12
+       ......... ......... ......... ......... ......... ......... .........
 
 OM22
+       -1.19E+02 -8.08E+00 -5.06E-01 -2.37E+03 -8.93E+01 -7.96E+02 .........  1.98E+03
 
 SG11
+       ......... ......... ......... ......... ......... ......... ......... ......... .........
 
 Elapsed finaloutput time in seconds:     0.11
 #CPUT: Total CPU Time in Seconds,        3.375
Stop Time:
Wed May  4 15:41:44 EDT 2022
