Tue Aug 25 16:47:56 EDT 2020
$PROBLEM 10 mixture model and IOV on CL
$INPUT C ID DV AMT II ADDL TIME RATE HT WT CLCR SEX AGE
EVID VIST MDV
$DATA ../MixSim.csv IGNORE=C
$SUB ADVAN1 TRANS2
$MIX
    NSPOP=2
    P(1)=THETA(6)
    P(2)=1.-THETA(6)
$PK
;IOV
VST1=0
IF(VIST.EQ.1) VST1=1
VST2=0
IF(VIST.EQ.2) VST2=1
VST3=0
IF(VIST.EQ.3) VST3=1
EST=MIXEST
   IF (MIXNUM.EQ.1) THEN
       TVCL=THETA(1)*(WT/70)**THETA(3)
   ELSE
       TVCL=THETA(5)*(WT/70)**THETA(3)
   ENDIF

CL=TVCL*EXP(ETA(1) + ETA(3)*VST1 + ETA(4)*VST2 + ETA(5)*VST3)
TVV=THETA(2)*(WT/70)**THETA(4)
V=TVV*EXP(ETA(2))
S1=V
$ERROR
Y=F + F*ERR(1) + ERR(2)
IPRED=F
$THETA
 (0, 12) ;1. CL POP 1
 (0, 150);2. V
 (0.75)   ;3. WT ON CL
 (1)   ;4. WT ON V
 (0, 1) ;5. CL POP 2
 (0, 0.5, 1) ;6. PROB POP 1
$OMEGA
(0.04) ;1. CL VAR
(0.04) ;2. V VAR
;IOV
$OMEGA BLOCK(1)  0.04; interoccasion var in CL
$OMEGA BLOCK(1) SAME
$OMEGA BLOCK(1) SAME
$SIGMA
0.04
10
;$MSFI=./2.msf
$EST PRINT=5 MAX=9999 Method=1 POSTHOC NOABORT MSF=./10.msf
$TABLE NOPRINT ONEHEADER FILE=../10par.tab
ID TIME CL V EST EVID MDV VIST ETA1 ETA2 ETA3 ETA4
ETA5 IPRED
$TABLE NOPRINT ONEHEADER FILE=../10.tab
ID TIME IPRED EVID MDV

NM-TRAN MESSAGES
  
 WARNINGS AND ERRORS (IF ANY) FOR PROBLEM    1
             
 (WARNING  2) NM-TRAN INFERS THAT THE DATA ARE POPULATION.

License Registered to: Metrum
Expiration Date:    14 JUL 2021
Current Date:       25 AUG 2020
Days until program expires : 324
1NONLINEAR MIXED EFFECTS MODEL PROGRAM (NONMEM) VERSION 7.4.4
 ORIGINALLY DEVELOPED BY STUART BEAL, LEWIS SHEINER, AND ALISON BOECKMANN
 CURRENT DEVELOPERS ARE ROBERT BAUER, ICON DEVELOPMENT SOLUTIONS,
 AND ALISON BOECKMANN. IMPLEMENTATION, EFFICIENCY, AND STANDARDIZATION
 PERFORMED BY NOUS INFOSYSTEMS.

 PROBLEM NO.:         1
 10 mixture model and IOV on CL
0DATA CHECKOUT RUN:              NO
 DATA SET LOCATED ON UNIT NO.:    2
 THIS UNIT TO BE REWOUND:        NO
 NO. OF DATA RECS IN DATA SET:    13500
 NO. OF DATA ITEMS IN DATA SET:  16
 ID DATA ITEM IS DATA ITEM NO.:   2
 DEP VARIABLE IS DATA ITEM NO.:   3
 MDV DATA ITEM IS DATA ITEM NO.: 16
0INDICES PASSED TO SUBROUTINE PRED:
  14   7   4   8   0   5   0   0   0   0   6
0LABELS FOR DATA ITEMS:
 C ID DV AMT II ADDL TIME RATE HT WT CLCR SEX AGE EVID VIST MDV
0(NONBLANK) LABELS FOR PRED-DEFINED ITEMS:
 EST CL V IPRED
0FORMAT FOR DATA:
 (E2.0,E4.0,E11.0,E4.0,E3.0,E2.0,E6.0,E4.0,3E7.0,E2.0,E7.0,3E2.0)

 TOT. NO. OF OBS RECS:    12600
 TOT. NO. OF INDIVIDUALS:      300
0LENGTH OF THETA:   6
0DEFAULT THETA BOUNDARY TEST OMITTED:    NO
0OMEGA HAS BLOCK FORM:
  1
  0  2
  0  0  3
  0  0  0  3
  0  0  0  0  3
0DEFAULT OMEGA BOUNDARY TEST OMITTED:    NO
0SIGMA HAS SIMPLE DIAGONAL FORM WITH DIMENSION:   2
0DEFAULT SIGMA BOUNDARY TEST OMITTED:    NO
0INITIAL ESTIMATE OF THETA:
 LOWER BOUND    INITIAL EST    UPPER BOUND
  0.0000E+00     0.1200E+02     0.1000E+07
  0.0000E+00     0.1500E+03     0.1000E+07
 -0.1000E+07     0.7500E+00     0.1000E+07
 -0.1000E+07     0.1000E+01     0.1000E+07
  0.0000E+00     0.1000E+01     0.1000E+07
  0.0000E+00     0.5000E+00     0.1000E+01
0INITIAL ESTIMATE OF OMEGA:
 BLOCK SET NO.   BLOCK                                                                    FIXED
        1                                                                                   NO
                  0.4000E-01
        2                                                                                   NO
                  0.4000E-01
        3                                                                                   NO
                  0.4000E-01
0INITIAL ESTIMATE OF SIGMA:
 0.4000E-01
 0.0000E+00   0.1000E+02
0TABLES STEP OMITTED:    NO
 NO. OF TABLES:           2
 SEED NUMBER (SEED):    11456
 RANMETHOD:             3U
 MC SAMPLES (ESAMPLE):    300
 WRES SQUARE ROOT TYPE (WRESCHOL): EIGENVALUE
0-- TABLE   1 --
0RECORDS ONLY:    ALL
04 COLUMNS APPENDED:    YES
 PRINTED:                NO
 HEADERS:               ONE
 FILE TO BE FORWARDED:   NO
 FORMAT:                S1PE11.4
 LFORMAT:
 RFORMAT:
 FIXED_EFFECT_ETAS:
0USER-CHOSEN ITEMS:
 ID TIME CL V EST EVID MDV VIST ETA1 ETA2 ETA3 ETA4 ETA5 IPRED
0-- TABLE   2 --
0RECORDS ONLY:    ALL
04 COLUMNS APPENDED:    YES
 PRINTED:                NO
 HEADERS:               ONE
 FILE TO BE FORWARDED:   NO
 FORMAT:                S1PE11.4
 LFORMAT:
 RFORMAT:
 FIXED_EFFECT_ETAS:
0USER-CHOSEN ITEMS:
 ID TIME IPRED EVID MDV
0
 MIX SUBROUTINE USER-SUPPLIED
1DOUBLE PRECISION PREDPP VERSION 7.4.4

 ONE COMPARTMENT MODEL (ADVAN1)
0MAXIMUM NO. OF BASIC PK PARAMETERS:   2
0BASIC PK PARAMETERS (AFTER TRANSLATION):
   ELIMINATION RATE (K) IS BASIC PK PARAMETER NO.:  1

 TRANSLATOR WILL CONVERT PARAMETERS
 CLEARANCE (CL) AND VOLUME (V) TO K (TRANS2)
0COMPARTMENT ATTRIBUTES
 COMPT. NO.   FUNCTION   INITIAL    ON/OFF      DOSE      DEFAULT    DEFAULT
                         STATUS     ALLOWED    ALLOWED    FOR DOSE   FOR OBS.
    1         CENTRAL      ON         NO         YES        YES        YES
    2         OUTPUT       OFF        YES        NO         NO         NO
1
 ADDITIONAL PK PARAMETERS - ASSIGNMENT OF ROWS IN GG
 COMPT. NO.                             INDICES
              SCALE      BIOAVAIL.   ZERO-ORDER  ZERO-ORDER  ABSORB
                         FRACTION    RATE        DURATION    LAG
    1            3           *           *           *           *
    2            *           -           -           -           -
             - PARAMETER IS NOT ALLOWED FOR THIS MODEL
             * PARAMETER IS NOT SUPPLIED BY PK SUBROUTINE;
               WILL DEFAULT TO ONE IF APPLICABLE
0DATA ITEM INDICES USED BY PRED ARE:
   EVENT ID DATA ITEM IS DATA ITEM NO.:     14
   TIME DATA ITEM IS DATA ITEM NO.:          7
   DOSE AMOUNT DATA ITEM IS DATA ITEM NO.:   4
   DOSE RATE DATA ITEM IS DATA ITEM NO.:     8
   INTERVAL DATA ITEM IS DATA ITEM NO.:      5
   ADDL. DOSES DATA ITEM IS DATA ITEM NO.:   6

0PK SUBROUTINE CALLED WITH EVERY EVENT RECORD.
 PK SUBROUTINE NOT CALLED AT NONEVENT (ADDITIONAL OR LAGGED) DOSE TIMES.
0ERROR SUBROUTINE CALLED WITH EVERY EVENT RECORD.
1


 #TBLN:      1
 #METH: First Order Conditional Estimation

 ESTIMATION STEP OMITTED:                 NO
 ANALYSIS TYPE:                           POPULATION
 NUMBER OF SADDLE POINT RESET ITERATIONS:      0
 GRADIENT METHOD USED:               NOSLOW
 CONDITIONAL ESTIMATES USED:              YES
 CENTERED ETA:                            NO
 EPS-ETA INTERACTION:                     NO
 LAPLACIAN OBJ. FUNC.:                    NO
 NO. OF FUNCT. EVALS. ALLOWED:            9999
 NO. OF SIG. FIGURES REQUIRED:            3
 INTERMEDIATE PRINTOUT:                   YES
 ESTIMATE OUTPUT TO MSF:                  YES
 ABORT WITH PRED EXIT CODE 1:             NO
 IND. OBJ. FUNC. VALUES SORTED:           NO
 NUMERICAL DERIVATIVE
       FILE REQUEST (NUMDER):               NONE
 MAP (ETAHAT) ESTIMATION METHOD (OPTMAP):   0
 ETA HESSIAN EVALUATION METHOD (ETADER):    0
 INITIAL ETA FOR MAP ESTIMATION (MCETA):    0
 SIGDIGITS FOR MAP ESTIMATION (SIGLO):      100
 GRADIENT SIGDIGITS OF
       FIXED EFFECTS PARAMETERS (SIGL):     100
 NOPRIOR SETTING (NOPRIOR):                 OFF
 NOCOV SETTING (NOCOV):                     OFF
 DERCONT SETTING (DERCONT):                 OFF
 FINAL ETA RE-EVALUATION (FNLETA):          ON
 EXCLUDE NON-INFLUENTIAL (NON-INFL.) ETAS
       IN SHRINKAGE (ETASTYPE):             NO
 NON-INFL. ETA CORRECTION (NONINFETA):      OFF
 RAW OUTPUT FILE (FILE): iovmm.ext
 EXCLUDE TITLE (NOTITLE):                   NO
 EXCLUDE COLUMN LABELS (NOLABEL):           NO
 FORMAT FOR ADDITIONAL FILES (FORMAT):      S1PE12.5
 PARAMETER ORDER FOR OUTPUTS (ORDER):       TSOL
 WISHART PRIOR DF INTERPRETATION (WISHTYPE):0
 KNUTHSUMOFF:                               0
 INCLUDE LNTWOPI:                           NO
 INCLUDE CONSTANT TERM TO PRIOR (PRIORC):   NO
 INCLUDE CONSTANT TERM TO OMEGA (ETA) (OLNTWOPI):NO
 ADDITIONAL CONVERGENCE TEST (CTYPE=4)?:    NO
 EM OR BAYESIAN METHOD USED:                 NONE


 THE FOLLOWING LABELS ARE EQUIVALENT
 PRED=NPRED
 RES=NRES
 WRES=NWRES
 IWRS=NIWRES
 IPRD=NIPRED
 IRS=NIRES

 MONITORING OF SEARCH:


0ITERATION NO.:    0    OBJECTIVE VALUE:   38518.8766719145        NO. OF FUNC. EVALS.:  10
 CUMULATIVE NO. OF FUNC. EVALS.:       10
 NPARAMETR:  1.2000E+01  1.5000E+02  7.5000E-01  1.0000E+00  1.0000E+00  5.0000E-01  4.0000E-02  4.0000E-02  4.0000E-02  4.0000E-02
             1.0000E+01
 PARAMETER:  1.0000E-01  1.0000E-01  1.0000E-01  1.0000E-01  1.0000E-01  1.0000E-01  1.0000E-01  1.0000E-01  1.0000E-01  1.0000E-01
             1.0000E-01
 GRADIENT:  -3.3327E+03  3.5135E+03  6.1036E+03 -8.6267E+03 -6.3639E+02 -2.1400E+02 -3.4190E+02 -9.4974E+02  1.3677E+02  1.7042E+03
             1.6327E+04

0ITERATION NO.:    5    OBJECTIVE VALUE:   18469.0573808051        NO. OF FUNC. EVALS.:  56
 CUMULATIVE NO. OF FUNC. EVALS.:       66
 NPARAMETR:  1.4302E+01  9.1482E+01  9.1267E-01  1.6825E+00  1.1149E+00  5.1120E-01  4.5863E-02  5.8844E-02  3.9349E-02  3.6600E-02
             1.4925E-01
 PARAMETER:  2.7548E-01 -3.9449E-01  1.2169E-01  1.6825E-01  2.0876E-01  1.4482E-01  1.6839E-01  2.9300E-01  9.1793E-02  5.5586E-02
            -2.0024E+00
 GRADIENT:   2.2929E+03 -4.2838E+03 -8.2110E+03  1.9773E+04 -9.8266E+02 -2.0728E+02 -1.6016E+02 -3.6751E+02 -1.9906E+00  4.5422E+02
             8.4511E+02

0ITERATION NO.:   10    OBJECTIVE VALUE:   18015.4907519189        NO. OF FUNC. EVALS.:  58
 CUMULATIVE NO. OF FUNC. EVALS.:      124
 NPARAMETR:  1.4871E+01  8.9764E+01  1.0538E+00  1.6021E+00  1.5804E+00  8.9448E-01  5.4559E-02  2.0341E-01  4.0648E-02  3.5254E-02
             1.5325E-01
 PARAMETER:  3.1453E-01 -4.1345E-01  1.4050E-01  1.6021E-01  5.5767E-01  2.2374E+00  2.5520E-01  9.1317E-01  1.0803E-01  3.6847E-02
            -1.9891E+00
 GRADIENT:   2.4087E+03 -2.5042E+03 -6.0758E+03  1.1794E+04 -7.9450E+01  2.2669E+01  2.1634E+01  2.9135E+02  5.2272E+01 -6.1272E+02
             8.5225E+02

0ITERATION NO.:   15    OBJECTIVE VALUE:   16934.0622457779        NO. OF FUNC. EVALS.:  57
 CUMULATIVE NO. OF FUNC. EVALS.:      181
 NPARAMETR:  1.3791E+01  9.1325E+01  8.9265E-01  7.1108E-01  1.5903E+00  8.3866E-01  6.0546E-02  3.3670E-02  3.8082E-02  4.1368E-02
             6.0543E-02
 PARAMETER:  2.3914E-01 -3.9621E-01  1.1902E-01  7.1108E-02  5.6392E-01  1.7483E+00  3.0726E-01  1.3858E-02  7.5429E-02  1.1681E-01
            -2.4535E+00
 GRADIENT:  -2.3785E+03  6.5169E+02  6.7171E+03 -7.0936E+03 -1.6726E+01 -1.0796E+01  3.8104E+01 -1.9422E+02  1.6377E+01  1.1792E+03
             1.5071E+03

0ITERATION NO.:   20    OBJECTIVE VALUE:   14729.3267817151        NO. OF FUNC. EVALS.:  59
 CUMULATIVE NO. OF FUNC. EVALS.:      240
 NPARAMETR:  1.4176E+01  9.8886E+01  7.8674E-01  9.8505E-01  1.6625E+00  8.7572E-01  4.5945E-02  4.8913E-02  3.8735E-02  4.7174E-02
             1.0000E-03
 PARAMETER:  2.6662E-01 -3.1667E-01  1.0490E-01  9.8505E-02  6.0834E-01  2.0525E+00  1.6929E-01  2.0058E-01  8.3926E-02  1.8248E-01
            -4.7735E+00
 GRADIENT:   4.1124E+02  5.7155E+01 -6.0153E+01  1.0433E+02  2.9490E+01  1.1421E+01 -2.1827E+01  5.7837E+01  1.6588E+00 -1.6853E+02
             0.0000E+00

0ITERATION NO.:   25    OBJECTIVE VALUE:   14722.1492613456        NO. OF FUNC. EVALS.: 124
 CUMULATIVE NO. OF FUNC. EVALS.:      364
 NPARAMETR:  1.4360E+01  1.0052E+02  8.2263E-01  1.0446E+00  1.6782E+00  8.5677E-01  4.8361E-02  4.3812E-02  3.8457E-02  4.8158E-02
             1.0000E-03
 PARAMETER:  2.7957E-01 -3.0027E-01  1.0968E-01  1.0446E-01  6.1775E-01  1.8887E+00  1.9490E-01  1.4552E-01  8.0334E-02  1.9281E-01
            -4.7736E+00
 GRADIENT:  -2.9485E-01  6.9182E-01  3.9451E+00 -4.6274E+00  8.4172E-02  6.2645E-02  1.8660E-01  6.9484E-02  1.8293E-01  8.3525E-01
             0.0000E+00

0ITERATION NO.:   26    OBJECTIVE VALUE:   14722.1492613456        NO. OF FUNC. EVALS.:  16
 CUMULATIVE NO. OF FUNC. EVALS.:      380
 NPARAMETR:  1.4360E+01  1.0052E+02  8.2263E-01  1.0446E+00  1.6782E+00  8.5677E-01  4.8361E-02  4.3812E-02  3.8457E-02  4.8158E-02
             1.0000E-03
 PARAMETER:  2.7957E-01 -3.0027E-01  1.0968E-01  1.0446E-01  6.1775E-01  1.8887E+00  1.9490E-01  1.4552E-01  8.0334E-02  1.9281E-01
            -4.7736E+00
 GRADIENT:  -2.9485E-01  6.9182E-01  3.9451E+00 -4.6274E+00  8.4172E-02  6.2645E-02  1.8660E-01  6.9484E-02  1.8293E-01  8.3525E-01
             0.0000E+00

 #TERM:
0MINIMIZATION SUCCESSFUL
 NO. OF FUNCTION EVALUATIONS USED:      380
 NO. OF SIG. DIGITS IN FINAL EST.:  3.0
0PARAMETER ESTIMATE IS NEAR ITS BOUNDARY
 THIS MUST BE ADDRESSED BEFORE THE COVARIANCE STEP CAN BE IMPLEMENTED

 ETABAR IS THE ARITHMETIC MEAN OF THE ETA-ESTIMATES,
 AND SE IS THE ASSOCIATED STANDARD ERROR.

 SUBMODEL    1

 ETABAR:         3.3557E-02 -2.5475E-02 -7.8995E-03  1.3250E-02  2.1335E-02
 SE:             1.1778E-02  1.2415E-02  9.9240E-03  1.0146E-02  1.0254E-02
 N:                     257         257         257         257         257

 ETASHRINKSD(%)  1.3972E+01  4.7304E+00  1.8715E+01  1.6893E+01  1.6012E+01
 ETASHRINKVR(%)  2.5991E+01  9.2371E+00  3.3928E+01  3.0933E+01  2.9460E+01
 EBVSHRINKSD(%)  1.2259E+01  4.1270E+00  1.6439E+01  1.6652E+01  1.6693E+01
 EBVSHRINKVR(%)  2.3015E+01  8.0837E+00  3.0175E+01  3.0532E+01  3.0599E+01
 EPSSHRINKSD(%)  5.7311E+00  5.7311E+00
 EPSSHRINKVR(%)  1.1134E+01  1.1134E+01


 SUBMODEL    2

 ETABAR:        -2.4843E-02 -5.0026E-02 -2.3509E-02  2.2875E-02 -1.9122E-02
 SE:             2.6066E-02  3.0442E-02  2.4147E-02  2.2060E-02  1.9262E-02
 N:                      43          43          43          43          43

 ETASHRINKSD(%)  2.1355E+01  3.5034E+00  1.8301E+01  2.5362E+01  3.4829E+01
 ETASHRINKVR(%)  3.8150E+01  6.8840E+00  3.3253E+01  4.4292E+01  5.7527E+01
 EBVSHRINKSD(%)  1.4156E+01  3.6695E+00  2.3226E+01  2.3194E+01  2.3165E+01
 EBVSHRINKVR(%)  2.6307E+01  7.2044E+00  4.1057E+01  4.1008E+01  4.0964E+01
 EPSSHRINKSD(%)  4.9029E+00  4.9029E+00
 EPSSHRINKVR(%)  9.5654E+00  9.5654E+00

  
 TOTAL DATA POINTS NORMALLY DISTRIBUTED (N):        12600
 N*LOG(2PI) CONSTANT TO OBJECTIVE FUNCTION:    23157.251036757752     
 OBJECTIVE FUNCTION VALUE WITHOUT CONSTANT:    14722.149261345565     
 OBJECTIVE FUNCTION VALUE WITH CONSTANT:       37879.400298103319     
 REPORTED OBJECTIVE FUNCTION DOES NOT CONTAIN CONSTANT
  
 TOTAL EFFECTIVE ETAS (NIND*NETA):                          1500
  
 #TERE:
 Elapsed estimation  time in seconds:   131.73
 Elapsed postprocess time in seconds:     1.04
1
 
 
 
 
 
 
 
 
 
 
 
 
 
 
 
 
 
 
 
 
 ************************************************************************************************************************
 ********************                                                                                ********************
 ********************                        FIRST ORDER CONDITIONAL ESTIMATION                      ********************
 #OBJT:**************                       MINIMUM VALUE OF OBJECTIVE FUNCTION                      ********************
 ********************                                                                                ********************
 ************************************************************************************************************************
 





 #OBJV:********************************************    14722.149       **************************************************
1
 ************************************************************************************************************************
 ********************                                                                                ********************
 ********************                        FIRST ORDER CONDITIONAL ESTIMATION                      ********************
 ********************                             FINAL PARAMETER ESTIMATE                           ********************
 ********************                                                                                ********************
 ************************************************************************************************************************
 


 THETA - VECTOR OF FIXED EFFECTS PARAMETERS   *********


         TH 1      TH 2      TH 3      TH 4      TH 5      TH 6     
 
         1.44E+01  1.01E+02  8.23E-01  1.04E+00  1.68E+00  8.57E-01
 


 OMEGA - COV MATRIX FOR RANDOM EFFECTS - ETAS  ********


         ETA1      ETA2      ETA3      ETA4      ETA5     
 
 ETA1
+        4.84E-02
 
 ETA2
+        0.00E+00  4.38E-02
 
 ETA3
+        0.00E+00  0.00E+00  3.85E-02
 
 ETA4
+        0.00E+00  0.00E+00  0.00E+00  3.85E-02
 
 ETA5
+        0.00E+00  0.00E+00  0.00E+00  0.00E+00  3.85E-02
 


 SIGMA - COV MATRIX FOR RANDOM EFFECTS - EPSILONS  ****


         EPS1      EPS2     
 
 EPS1
+        4.82E-02
 
 EPS2
+        0.00E+00  1.00E-03
 
1


 OMEGA - CORR MATRIX FOR RANDOM EFFECTS - ETAS  *******


         ETA1      ETA2      ETA3      ETA4      ETA5     
 
 ETA1
+        2.20E-01
 
 ETA2
+        0.00E+00  2.09E-01
 
 ETA3
+        0.00E+00  0.00E+00  1.96E-01
 
 ETA4
+        0.00E+00  0.00E+00  0.00E+00  1.96E-01
 
 ETA5
+        0.00E+00  0.00E+00  0.00E+00  0.00E+00  1.96E-01
 


 SIGMA - CORR MATRIX FOR RANDOM EFFECTS - EPSILONS  ***


         EPS1      EPS2     
 
 EPS1
+        2.19E-01
 
 EPS2
+        0.00E+00  3.16E-02
 
 Elapsed finaloutput time in seconds:     0.71
 #CPUT: Total CPU Time in Seconds,      133.637
Stop Time:
Tue Aug 25 16:50:27 EDT 2020
